// Jest Snapshot v1, https://goo.gl/fbAQLP

exports[`tryParseSpreadsheet works for numbers with comma in them 1`] = `
Object {
  "spreadsheet": Object {
    "cells": Array [
      Array [
        "Week Index",
        "Users",
      ],
      Array [
        "Week 1",
        "814",
      ],
      Array [
        "Week 2",
        "10,301",
      ],
      Array [
        "Week 3",
        "4,264",
      ],
    ],
    "labels": Array [
      "Week 1",
      "Week 2",
      "Week 3",
    ],
    "title": "Users",
    "values": Array [
      814,
      10301,
      4264,
    ],
  },
  "type": "VALID_SPREADSHEET",
}
`;
