// Vitest Snapshot v1, https://vitest.dev/guide/snapshot.html

exports[`Test MobileMenu > should initialize with welcome screen and hide once user interacts 1`] = `
<div
  class="welcome-screen-center"
>
  <div
    class="welcome-screen-center__logo excalifont welcome-screen-decor"
  >
    <div
      class="ExcalidrawLogo is-small"
    >
      <img
        alt=""
        aria-hidden="true"
        class="ExcalidrawLogo-icon"
        height="512"
        src="/tfdraw-logo.png"
        width="512"
      />
      <span
        class="ExcalidrawLogo-text"
      >
        tfdraw.dev
      </span>
    </div>
  </div>
  <div
    class="welcome-screen-center__heading welcome-screen-decor excalifont"
  >
    Your drawings are saved in your browser's storage.
    <br />
    Browser storage can be cleared unexpectedly.
    <br />
    Save your work to a file regularly to avoid losing it.
  </div>
  <div
    class="welcome-screen-menu"
  >
    <button
      class="welcome-screen-menu-item "
      type="button"
    >
      <div
        class="welcome-screen-menu-item__icon"
      >
        <svg
          aria-hidden="true"
          class=""
          fill="none"
          focusable="false"
          role="img"
          stroke="currentColor"
          stroke-linecap="round"
          stroke-linejoin="round"
          stroke-width="2"
          viewBox="0 0 24 24"
        >
          <g
            stroke-width="1.25"
          >
            <path
              d="M0 0h24v24H0z"
              fill="none"
              stroke="none"
            />
            <path
              d="M15 8h.01"
            />
            <path
              d="M12 20h-5a3 3 0 0 1 -3 -3v-10a3 3 0 0 1 3 -3h10a3 3 0 0 1 3 3v5"
            />
            <path
              d="M4 15l4 -4c.928 -.893 2.072 -.893 3 0l4 4"
            />
            <path
              d="M14 14l1 -1c.617 -.593 1.328 -.793 2.009 -.598"
            />
            <path
              d="M19 16v6"
            />
            <path
              d="M22 19l-3 3l-3 -3"
            />
          </g>
        </svg>
      </div>
      <div
        class="welcome-screen-menu-item__text"
      >
        Terraform import
      </div>
      <div
        class="welcome-screen-menu-item__shortcut"
      >
        Ctrl+Shift+K
      </div>
    </button>
    <button
      class="welcome-screen-menu-item "
      type="button"
    >
      <div
        class="welcome-screen-menu-item__icon"
      >
        <svg
          aria-hidden="true"
          class=""
          fill="none"
          focusable="false"
          role="img"
          stroke="currentColor"
          stroke-linecap="round"
          stroke-linejoin="round"
          viewBox="0 0 20 20"
        >
          <path
            d="m9.257 6.351.183.183H15.819c.34 0 .727.182 1.051.506.323.323.505.708.505 1.05v5.819c0 .316-.183.7-.52 1.035-.337.338-.723.522-1.037.522H4.182c-.352 0-.74-.181-1.058-.5-.318-.318-.499-.705-.499-1.057V5.182c0-.351.181-.736.5-1.054.32-.321.71-.503 1.057-.503H6.53l2.726 2.726Z"
            stroke-width="1.25"
          />
        </svg>
      </div>
      <div
        class="welcome-screen-menu-item__text"
      >
        Open
      </div>
      <div
        class="welcome-screen-menu-item__shortcut"
      >
        Ctrl+O
      </div>
    </button>
    <button
      class="welcome-screen-menu-item "
      type="button"
    >
      <div
        class="welcome-screen-menu-item__icon"
      >
        <svg
          aria-hidden="true"
          class=""
          fill="none"
          focusable="false"
          role="img"
          stroke="currentColor"
          stroke-linecap="round"
          stroke-linejoin="round"
          stroke-width="2"
          viewBox="0 0 24 24"
        >
          <g
            stroke-width="1.5"
          >
            <path
              d="M0 0h24v24H0z"
              fill="none"
              stroke="none"
            />
            <circle
              cx="12"
              cy="12"
              r="9"
            />
            <line
              x1="12"
              x2="12"
              y1="17"
              y2="17.01"
            />
            <path
              d="M12 13.5a1.5 1.5 0 0 1 1 -1.5a2.6 2.6 0 1 0 -3 -4"
            />
          </g>
        </svg>
      </div>
      <div
        class="welcome-screen-menu-item__text"
      >
        Help
      </div>
      <div
        class="welcome-screen-menu-item__shortcut"
      >
        ?
      </div>
    </button>
    <button
      class="welcome-screen-menu-item "
      type="button"
    >
      <div
        class="welcome-screen-menu-item__icon"
      >
        <svg
          aria-hidden="true"
          class=""
          fill="none"
          focusable="false"
          role="img"
          stroke="currentColor"
          stroke-linecap="round"
          stroke-linejoin="round"
          stroke-width="2"
          viewBox="0 0 24 24"
        >
          <g
            stroke-width="1.5"
          >
            <path
              d="M0 0h24v24H0z"
              fill="none"
              stroke="none"
            />
            <circle
              cx="9"
              cy="7"
              r="4"
            />
            <path
              d="M3 21v-2a4 4 0 0 1 4 -4h4a4 4 0 0 1 4 4v2"
            />
            <path
              d="M16 3.13a4 4 0 0 1 0 7.75"
            />
            <path
              d="M21 21v-2a4 4 0 0 0 -3 -3.85"
            />
          </g>
        </svg>
      </div>
      <div
        class="welcome-screen-menu-item__text"
      >
        Live collaboration...
      </div>
    </button>
    <a
      class="welcome-screen-menu-item "
      href="undefined/plus?utm_source=excalidraw&utm_medium=app&utm_content=welcomeScreenGuest"
      rel="noopener"
      target="_blank"
    >
      <div
        class="welcome-screen-menu-item__icon"
      >
        <svg
          aria-hidden="true"
          class=""
          fill="none"
          focusable="false"
          role="img"
          stroke="currentColor"
          stroke-linecap="round"
          stroke-linejoin="round"
          stroke-width="2"
          viewBox="0 0 24 24"
        >
          <g
            stroke-width="1.5"
          >
            <path
              d="M0 0h24v24H0z"
              fill="none"
              stroke="none"
            />
            <path
              d="M15 8v-2a2 2 0 0 0 -2 -2h-7a2 2 0 0 0 -2 2v12a2 2 0 0 0 2 2h7a2 2 0 0 0 2 -2v-2"
            />
            <path
              d="M21 12h-13l3 -3"
            />
            <path
              d="M11 15l-3 -3"
            />
          </g>
        </svg>
      </div>
      <div
        class="welcome-screen-menu-item__text"
      >
        Sign up
      </div>
    </a>
  </div>
</div>
`;
